// Vitest Snapshot v1, https://vitest.dev/guide/snapshot.html

exports[`<ViewCurrentBudget /> > matchs snapshot 1`] = `
<div>
  <div
    class="budget"
  >
    <h3>
      Loisirs
    </h3>
    <div
      class="budget-info"
    >
      <span
        class="budget-type"
      >
        Dépense variable
      </span>
      <span
        class="budget-value"
      >
        5,6€/100€
      </span>
    </div>
    <div
      class="progress-bar"
    >
      <div
        class="progress"
        style="width: 5%;"
      />
    </div>
  </div>
</div>
`;
